<html>
<body>
<pre>
<h1>µVision Build Log</h1>
<h2>Tool Versions:</h2>
IDE-Version: ¦ÌVision V5.15
Copyright (C) 2015 ARM Ltd and ARM Germany GmbH. All rights reserved.
License Information: 4 HASEE, 545, LIC=HF8PC-7VKGL-YBTE9-4GANQ-S54IY-UMTVH
 
Tool Versions:
Toolchain:       MDK-ARM Professional  Version: 5.15.0
Toolchain Path:  D:\Keil_v5\ARM\ARMCC\Bin
C Compiler:      Armcc.exe V5.05 update 2 (build 169)
Assembler:       Armasm.exe V5.05 update 2 (build 169)
Linker/Locator:  ArmLink.exe V5.05 update 2 (build 169)
Library Manager: ArmAr.exe V5.05 update 2 (build 169)
Hex Converter:   FromElf.exe V5.05 update 2 (build 169)
CPU DLL:         SARMCM3.DLL V5.15.0
Dialog DLL:      DCM.DLL V1.13.2.0
Target DLL:      Segger\JL2CM3.dll V2.99.15.0
Dialog DLL:      TCM.DLL V1.14.5.0
 
<h2>Project:</h2>
D:\File_My\Rubiks-Hand2\STM32-PRO-Opt\USER\LCD.uvprojx
Project File Date:  04/21/2019

<h2>Output:</h2>
*** Using Compiler 'V5.05 update 2 (build 169)', folder: 'D:\Keil_v5\ARM\ARMCC\Bin'
Rebuild target 'LCD'
compiling main.c...
main.c(25): warning:  #177-D: variable "a_i" was declared but never referenced
      short a_i =0;
main.c: 1 warning, 0 errors
compiling stm32f4xx_it.c...
compiling system_stm32f4xx.c...
compiling led.c...
compiling lcd.c...
compiling stepper.c...
..\HARDWARE\stepper.c(81): warning:  #223-D: function "abs" declared implicitly
                                }else if(abs(0 - L_Encoder)<area_){                     
..\HARDWARE\stepper.c(107): warning:  #223-D: function "abs" declared implicitly
                        }else if(abs(0 - R_Encoder)<area_){
..\HARDWARE\stepper.c(158): warning:  #940-D: missing return statement at end of non-void function "Speed_Control_list"
  }
..\HARDWARE\stepper.c(178): warning:  #940-D: missing return statement at end of non-void function "Speed_Control_list2"
  }
..\HARDWARE\stepper.c(267): warning:  #223-D: function "abs" declared implicitly
                        }else if(abs(target_ -L_Encoder)<20){   
..\HARDWARE\stepper.c(317): warning:  #223-D: function "abs" declared implicitly
                }else if(abs(target_ -L_Encoder)<20){
..\HARDWARE\stepper.c(364): warning:  #223-D: function "abs" declared implicitly
                        }else if(abs(target_ -R_Encoder)<20){
..\HARDWARE\stepper.c(409): warning:  #223-D: function "abs" declared implicitly
                        }else if(abs(target_ -R_Encoder)<20){
..\HARDWARE\stepper.c: 8 warnings, 0 errors
compiling loctrans.c...
compiling ssr.c...
compiling encoder.c...
..\HARDWARE\encoder.c(84): warning:  #1-D: last line of file ends without a newline
  }
..\HARDWARE\encoder.c: 1 warning, 0 errors
compiling Sim_Display.c...
..\HARDWARE\Sim_Display.c(9): warning:  #167-D: argument of type "char *" is incompatible with parameter of type "uint8_t *"
        Usart_SendArray_(pUSARTx,NUM16,2);
..\HARDWARE\Sim_Display.c(28): warning:  #167-D: argument of type "char *" is incompatible with parameter of type "uint8_t *"
            Usart_SendArray_(pUSARTx,NUM16,2);           
..\HARDWARE\Sim_Display.c(40): warning:  #167-D: argument of type "char *" is incompatible with parameter of type "uint8_t *"
        Usart_SendArray_(pUSARTx,NUM32,4);      
..\HARDWARE\Sim_Display.c(59): warning:  #167-D: argument of type "char *" is incompatible with parameter of type "uint8_t *"
            Usart_SendArray_(pUSARTx,NUM32,4);           
..\HARDWARE\Sim_Display.c(71): warning:  #167-D: argument of type "char *" is incompatible with parameter of type "uint8_t *"
                Usart_SendArray_(pUSARTx,NUM64,8);      
..\HARDWARE\Sim_Display.c(87): warning:  #167-D: argument of type "char *" is incompatible with parameter of type "uint8_t *"
                                Usart_SendArray_(pUSARTx,NUM64,8);              
..\HARDWARE\Sim_Display.c: 6 warnings, 0 errors
compiling delay.c...
compiling sys.c...
compiling usart.c...
assembling startup_stm32f40_41xxx.s...
compiling misc.c...
compiling stm32f4xx_gpio.c...
compiling stm32f4xx_rcc.c...
compiling stm32f4xx_syscfg.c...
compiling stm32f4xx_usart.c...
compiling stm32f4xx_adc.c...
compiling stm32f4xx_can.c...
compiling stm32f4xx_crc.c...
compiling stm32f4xx_cryp.c...
compiling stm32f4xx_cryp_aes.c...
compiling stm32f4xx_cryp_des.c...
compiling stm32f4xx_cryp_tdes.c...
compiling stm32f4xx_dac.c...
compiling stm32f4xx_dbgmcu.c...
compiling stm32f4xx_dcmi.c...
compiling stm32f4xx_dma.c...
compiling stm32f4xx_dma2d.c...
compiling stm32f4xx_exti.c...
compiling stm32f4xx_flash.c...
compiling stm32f4xx_flash_ramfunc.c...
compiling stm32f4xx_hash.c...
compiling stm32f4xx_hash_md5.c...
compiling stm32f4xx_hash_sha1.c...
compiling stm32f4xx_i2c.c...
compiling stm32f4xx_iwdg.c...
compiling stm32f4xx_ltdc.c...
compiling stm32f4xx_pwr.c...
compiling stm32f4xx_rng.c...
compiling stm32f4xx_rtc.c...
compiling stm32f4xx_sai.c...
compiling stm32f4xx_sdio.c...
compiling stm32f4xx_spi.c...
compiling stm32f4xx_tim.c...
compiling stm32f4xx_wwdg.c...
compiling stm32f4xx_fsmc.c...
linking...
Program Size: Code=13926 RO-data=1234 RW-data=60 ZI-data=2052  
FromELF: creating hex file...
"..\OBJ\LCD.axf" - 0 Error(s), 16 Warning(s).

<h2>Collection of Component include folders:</h2>
  D:\File_My\Rubiks-Hand2\STM32-PRO-Opt\USER\RTE
  D:\Keil_v5\ARM\PACK\Keil\STM32F4xx_DFP\2.5.0\Drivers\CMSIS\Device\ST\STM32F4xx\Include

<h2>Collection of Component Files used:</h2>
</pre>
</body>
</html>
